{"level":"info","message":"Hello from the acquisitions API!","service":"acquisitions-api","timestamp":"2026-07-12T10:47:59.107Z"}
{"level":"info","message":"::1 - - [12/Jul/2026:10:47:59 +0000] \"GET / HTTP/1.1\" 304 - \"-\" \"Mozilla/5.0 (Windows NT 10.0; Win64; x64) AppleWebKit/537.36 (KHTML, like Gecko) Chrome/149.0.0.0 Safari/537.36\"","service":"acquisitions-api","timestamp":"2026-07-12T10:47:59.124Z"}
{"level":"info","message":"Hello from the acquisitions API!","service":"acquisitions-api","timestamp":"2026-07-13T09:46:26.604Z"}
{"level":"info","message":"::1 - - [13/Jul/2026:09:46:26 +0000] \"GET / HTTP/1.1\" 200 36 \"-\" \"PostmanRuntime/7.54.0\"","service":"acquisitions-api","timestamp":"2026-07-13T09:46:26.634Z"}
{"level":"info","message":"Hello from the acquisitions API!","service":"acquisitions-api","timestamp":"2026-07-13T11:05:09.682Z"}
{"level":"info","message":"::1 - - [13/Jul/2026:11:05:09 +0000] \"GET / HTTP/1.1\" 200 36 \"-\" \"PostmanRuntime/7.54.0\"","service":"acquisitions-api","timestamp":"2026-07-13T11:05:09.729Z"}
{"level":"info","message":"::1 - - [13/Jul/2026:11:05:15 +0000] \"GET /api HTTP/1.1\" 200 41 \"-\" \"PostmanRuntime/7.54.0\"","service":"acquisitions-api","timestamp":"2026-07-13T11:05:15.293Z"}
{"level":"info","message":"::1 - - [13/Jul/2026:11:05:20 +0000] \"GET /api/auth HTTP/1.1\" 200 41 \"-\" \"PostmanRuntime/7.54.0\"","service":"acquisitions-api","timestamp":"2026-07-13T11:05:20.247Z"}
{"level":"info","message":"::1 - - [13/Jul/2026:11:05:23 +0000] \"GET /api/auth HTTP/1.1\" 200 41 \"-\" \"PostmanRuntime/7.54.0\"","service":"acquisitions-api","timestamp":"2026-07-13T11:05:23.462Z"}
{"level":"info","message":"::1 - - [13/Jul/2026:11:06:06 +0000] \"GET /api/helth HTTP/1.1\" 200 41 \"-\" \"PostmanRuntime/7.54.0\"","service":"acquisitions-api","timestamp":"2026-07-13T11:06:06.803Z"}
{"level":"info","message":"::1 - - [13/Jul/2026:11:06:10 +0000] \"GET /api/health HTTP/1.1\" 200 41 \"-\" \"PostmanRuntime/7.54.0\"","service":"acquisitions-api","timestamp":"2026-07-13T11:06:10.926Z"}
{"level":"info","message":"::1 - - [13/Jul/2026:11:06:47 +0000] \"GET /api/health HTTP/1.1\" 200 41 \"-\" \"PostmanRuntime/7.54.0\"","service":"acquisitions-api","timestamp":"2026-07-13T11:06:47.809Z"}
{"level":"info","message":"::1 - - [13/Jul/2026:11:07:04 +0000] \"GET /api/health HTTP/1.1\" 200 41 \"-\" \"PostmanRuntime/7.54.0\"","service":"acquisitions-api","timestamp":"2026-07-13T11:07:04.065Z"}
{"level":"info","message":"::1 - - [13/Jul/2026:11:07:11 +0000] \"GET /health HTTP/1.1\" 404 145 \"-\" \"PostmanRuntime/7.54.0\"","service":"acquisitions-api","timestamp":"2026-07-13T11:07:11.825Z"}
{"level":"info","message":"::1 - - [13/Jul/2026:11:07:17 +0000] \"GET /api/health HTTP/1.1\" 200 41 \"-\" \"PostmanRuntime/7.54.0\"","service":"acquisitions-api","timestamp":"2026-07-13T11:07:17.790Z"}
{"level":"info","message":"::1 - - [13/Jul/2026:11:07:26 +0000] \"GET /api/health HTTP/1.1\" 200 73 \"-\" \"PostmanRuntime/7.54.0\"","service":"acquisitions-api","timestamp":"2026-07-13T11:07:26.805Z"}
{"level":"info","message":"::1 - - [13/Jul/2026:11:07:53 +0000] \"POST /api/sign-in HTTP/1.1\" 200 41 \"-\" \"PostmanRuntime/7.54.0\"","service":"acquisitions-api","timestamp":"2026-07-13T11:07:53.120Z"}
{"level":"info","message":"::1 - - [13/Jul/2026:11:08:15 +0000] \"POST /api//auth/sign-in HTTP/1.1\" 200 41 \"-\" \"PostmanRuntime/7.54.0\"","service":"acquisitions-api","timestamp":"2026-07-13T11:08:15.355Z"}
{"level":"info","message":"::1 - - [13/Jul/2026:11:08:19 +0000] \"POST /api/auth/sign-in HTTP/1.1\" 200 41 \"-\" \"PostmanRuntime/7.54.0\"","service":"acquisitions-api","timestamp":"2026-07-13T11:08:19.524Z"}
{"level":"info","message":"::1 - - [13/Jul/2026:11:12:50 +0000] \"GET /api/auth/sign-up HTTP/1.1\" 200 41 \"-\" \"PostmanRuntime/7.54.0\"","service":"acquisitions-api","timestamp":"2026-07-13T11:12:50.251Z"}
{"level":"info","message":"::1 - - [13/Jul/2026:11:12:59 +0000] \"GET /api/auth/sign-up HTTP/1.1\" 404 155 \"-\" \"PostmanRuntime/7.54.0\"","service":"acquisitions-api","timestamp":"2026-07-13T11:12:59.488Z"}
{"level":"info","message":"::1 - - [13/Jul/2026:11:13:02 +0000] \"GET /api/auth/sign-up HTTP/1.1\" 404 155 \"-\" \"PostmanRuntime/7.54.0\"","service":"acquisitions-api","timestamp":"2026-07-13T11:13:02.044Z"}
{"level":"info","message":"::1 - - [13/Jul/2026:11:13:37 +0000] \"GET /api/auth/sign-up HTTP/1.1\" 200 41 \"-\" \"PostmanRuntime/7.54.0\"","service":"acquisitions-api","timestamp":"2026-07-13T11:13:37.240Z"}
{"level":"info","message":"::1 - - [13/Jul/2026:11:14:17 +0000] \"POST /api/auth/sign-up HTTP/1.1\" 200 41 \"-\" \"PostmanRuntime/7.54.0\"","service":"acquisitions-api","timestamp":"2026-07-13T11:14:17.272Z"}
{"level":"info","message":"::1 - - [13/Jul/2026:11:14:21 +0000] \"POST /api/auth/sign-up HTTP/1.1\" 200 41 \"-\" \"PostmanRuntime/7.54.0\"","service":"acquisitions-api","timestamp":"2026-07-13T11:14:21.814Z"}
{"level":"info","message":"::1 - - [13/Jul/2026:11:16:45 +0000] \"POST /api/auth/sign-up HTTP/1.1\" 200 13 \"-\" \"PostmanRuntime/7.54.0\"","service":"acquisitions-api","timestamp":"2026-07-13T11:16:45.557Z"}
{"level":"info","message":"::1 - - [14/Jul/2026:08:58:15 +0000] \"POST /api/auth/sign-up HTTP/1.1\" 200 13 \"-\" \"PostmanRuntime/7.54.0\"","service":"acquisitions-api","timestamp":"2026-07-14T08:58:15.684Z"}
{"level":"info","message":"::1 - - [14/Jul/2026:09:00:55 +0000] \"POST /api/auth/sign-up HTTP/1.1\" 400 92 \"-\" \"PostmanRuntime/7.54.0\"","service":"acquisitions-api","timestamp":"2026-07-14T09:00:55.252Z"}
{"level":"info","message":"::1 - - [14/Jul/2026:09:06:03 +0000] \"POST /api/auth/sign-up HTTP/1.1\" 400 144 \"-\" \"PostmanRuntime/7.54.0\"","service":"acquisitions-api","timestamp":"2026-07-14T09:06:03.932Z"}
{"level":"info","message":"User rachem@gmail.com with email rachem@gmail.com and role user signed up successfully.","service":"acquisitions-api","timestamp":"2026-07-14T09:09:08.943Z"}
{"level":"info","message":"::1 - - [14/Jul/2026:09:09:08 +0000] \"POST /api/auth/sign-up HTTP/1.1\" 201 112 \"-\" \"PostmanRuntime/7.54.0\"","service":"acquisitions-api","timestamp":"2026-07-14T09:09:08.956Z"}
{"level":"info","message":"::1 - - [29/Jul/2026:10:08:49 +0000] \"POST /auth/sign-up HTTP/1.1\" 404 152 \"-\" \"PostmanRuntime/7.54.0\"","service":"acquisitions-api","timestamp":"2026-07-29T10:08:49.839Z"}
{"level":"info","message":"User rachem@gmail.com created successfully","service":"acquisitions-api","timestamp":"2026-07-29T10:08:59.972Z"}
{"level":"error","message":"Signup error Cannot read properties of undefined (reading 'id')","service":"acquisitions-api","stack":"TypeError: Cannot read properties of undefined (reading 'id')\n    at signup (file:///D:/acquisitions/acquisitions/src/controllers/auth.controller.js:23:43)\n    at process.processTicksAndRejections (node:internal/process/task_queues:104:5)","timestamp":"2026-07-29T10:08:59.978Z"}
{"level":"info","message":"::1 - - [29/Jul/2026:10:08:59 +0000] \"POST /api/auth/sign-up HTTP/1.1\" 500 399 \"-\" \"PostmanRuntime/7.54.0\"","service":"acquisitions-api","timestamp":"2026-07-29T10:08:59.986Z"}
{"level":"error","message":"Error creating user User already exists","service":"acquisitions-api","stack":"Error: User already exists\n    at createUser (file:///D:/acquisitions/acquisitions/src/services/auth.service.js:21:47)\n    at process.processTicksAndRejections (node:internal/process/task_queues:104:5)\n    at async signup (file:///D:/acquisitions/acquisitions/src/controllers/auth.controller.js:21:18)","timestamp":"2026-07-29T10:10:06.408Z"}
{"level":"error","message":"Signup error res is not defined","service":"acquisitions-api","stack":"ReferenceError: res is not defined\n    at createUser (file:///D:/acquisitions/acquisitions/src/services/auth.service.js:30:7)\n    at process.processTicksAndRejections (node:internal/process/task_queues:104:5)\n    at async signup (file:///D:/acquisitions/acquisitions/src/controllers/auth.controller.js:21:18)","timestamp":"2026-07-29T10:10:06.414Z"}
{"level":"info","message":"::1 - - [29/Jul/2026:10:10:06 +0000] \"POST /api/auth/sign-up HTTP/1.1\" 500 474 \"-\" \"PostmanRuntime/7.54.0\"","service":"acquisitions-api","timestamp":"2026-07-29T10:10:06.422Z"}
{"cause":{"name":"NeonDbError","sourceError":{}},"level":"error","message":"Error creating user Failed query: select \"id\", \"name\", \"email\", \"password\", \"role\", \"created_at\", \"updated_at\" from \"users\" where \"users\".\"email\" = $1 limit $2\nparams: rachem@gmail.com,1","params":["rachem@gmail.com",1],"query":"select \"id\", \"name\", \"email\", \"password\", \"role\", \"created_at\", \"updated_at\" from \"users\" where \"users\".\"email\" = $1 limit $2","service":"acquisitions-api","stack":"Error: Failed query: select \"id\", \"name\", \"email\", \"password\", \"role\", \"created_at\", \"updated_at\" from \"users\" where \"users\".\"email\" = $1 limit $2\nparams: rachem@gmail.com,1\n    at NeonHttpPreparedQuery.queryWithCache (file:///D:/acquisitions/acquisitions/node_modules/drizzle-orm/pg-core/session.js:41:15)\n    at process.processTicksAndRejections (node:internal/process/task_queues:104:5)\n    at async NeonHttpPreparedQuery.execute (file:///D:/acquisitions/acquisitions/node_modules/drizzle-orm/neon-http/session.js:45:20)\n    at async createUser (file:///D:/acquisitions/acquisitions/src/services/auth.service.js:24:10)\n    at async signup (file:///D:/acquisitions/acquisitions/src/controllers/auth.controller.js:21:18)","timestamp":"2026-07-29T10:49:17.213Z"}
{"cause":{"name":"NeonDbError","sourceError":{}},"level":"error","message":"Signup error Failed query: select \"id\", \"name\", \"email\", \"password\", \"role\", \"created_at\", \"updated_at\" from \"users\" where \"users\".\"email\" = $1 limit $2\nparams: rachem@gmail.com,1","params":["rachem@gmail.com",1],"query":"select \"id\", \"name\", \"email\", \"password\", \"role\", \"created_at\", \"updated_at\" from \"users\" where \"users\".\"email\" = $1 limit $2","service":"acquisitions-api","stack":"Error: Failed query: select \"id\", \"name\", \"email\", \"password\", \"role\", \"created_at\", \"updated_at\" from \"users\" where \"users\".\"email\" = $1 limit $2\nparams: rachem@gmail.com,1\n    at NeonHttpPreparedQuery.queryWithCache (file:///D:/acquisitions/acquisitions/node_modules/drizzle-orm/pg-core/session.js:41:15)\n    at process.processTicksAndRejections (node:internal/process/task_queues:104:5)\n    at async NeonHttpPreparedQuery.execute (file:///D:/acquisitions/acquisitions/node_modules/drizzle-orm/neon-http/session.js:45:20)\n    at async createUser (file:///D:/acquisitions/acquisitions/src/services/auth.service.js:24:10)\n    at async signup (file:///D:/acquisitions/acquisitions/src/controllers/auth.controller.js:21:18)","timestamp":"2026-07-29T10:49:17.227Z"}
{"level":"info","message":"::1 - - [29/Jul/2026:10:49:17 +0000] \"POST /api/auth/sign-up HTTP/1.1\" 500 1016 \"-\" \"PostmanRuntime/7.54.0\"","service":"acquisitions-api","timestamp":"2026-07-29T10:49:17.245Z"}
{"level":"error","message":"Error creating user User already exists","service":"acquisitions-api","stack":"Error: User already exists\n    at createUser (file:///D:/acquisitions/acquisitions/src/services/auth.service.js:24:48)\n    at process.processTicksAndRejections (node:internal/process/task_queues:104:5)\n    at async signup (file:///D:/acquisitions/acquisitions/src/controllers/auth.controller.js:21:18)","timestamp":"2026-07-29T10:55:16.454Z"}
{"level":"error","message":"Signup error User already exists","service":"acquisitions-api","stack":"Error: User already exists\n    at createUser (file:///D:/acquisitions/acquisitions/src/services/auth.service.js:24:48)\n    at process.processTicksAndRejections (node:internal/process/task_queues:104:5)\n    at async signup (file:///D:/acquisitions/acquisitions/src/controllers/auth.controller.js:21:18)","timestamp":"2026-07-29T10:55:16.465Z"}
{"level":"info","message":"::1 - - [29/Jul/2026:10:55:16 +0000] \"POST /api/auth/sign-up HTTP/1.1\" 500 467 \"-\" \"PostmanRuntime/7.54.0\"","service":"acquisitions-api","timestamp":"2026-07-29T10:55:16.477Z"}
{"level":"info","message":"::1 - - [29/Jul/2026:10:55:32 +0000] \"POST /api/auth/sign-up HTTP/1.1\" 400 63 \"-\" \"PostmanRuntime/7.54.0\"","service":"acquisitions-api","timestamp":"2026-07-29T10:55:32.232Z"}
{"level":"info","message":"User rmoha@gmail.com created successfully","service":"acquisitions-api","timestamp":"2026-07-29T10:55:48.900Z"}
{"level":"info","message":"User rachem@gmail.com with email rmoha@gmail.com and role user signed up successfully.","service":"acquisitions-api","timestamp":"2026-07-29T10:55:48.934Z"}
{"level":"info","message":"::1 - - [29/Jul/2026:10:55:48 +0000] \"POST /api/auth/sign-up HTTP/1.1\" 201 111 \"-\" \"PostmanRuntime/7.54.0\"","service":"acquisitions-api","timestamp":"2026-07-29T10:55:48.944Z"}
{"level":"info","message":"User rmhhhha@gmail.com created successfully","service":"acquisitions-api","timestamp":"2026-07-29T10:58:44.019Z"}
{"level":"info","message":"User rida with email rmhhhha@gmail.com and role user signed up successfully.","service":"acquisitions-api","timestamp":"2026-07-29T10:58:44.029Z"}
{"level":"info","message":"::1 - - [29/Jul/2026:10:58:44 +0000] \"POST /api/auth/sign-up HTTP/1.1\" 201 101 \"-\" \"PostmanRuntime/7.54.0\"","service":"acquisitions-api","timestamp":"2026-07-29T10:58:44.033Z"}
{"level":"info","message":"User rmhhhhajjj@gmail.com created successfully","service":"acquisitions-api","timestamp":"2026-07-29T10:59:14.345Z"}
{"level":"info","message":"User rida with email rmhhhhajjj@gmail.com and role admin signed up successfully.","service":"acquisitions-api","timestamp":"2026-07-29T10:59:14.350Z"}
{"level":"info","message":"::1 - - [29/Jul/2026:10:59:14 +0000] \"POST /api/auth/sign-up HTTP/1.1\" 201 105 \"-\" \"PostmanRuntime/7.54.0\"","service":"acquisitions-api","timestamp":"2026-07-29T10:59:14.353Z"}
{"level":"error","message":"Error creating user User already exists","service":"acquisitions-api","stack":"Error: User already exists\n    at createUser (file:///D:/acquisitions/acquisitions/src/services/auth.service.js:24:48)\n    at process.processTicksAndRejections (node:internal/process/task_queues:104:5)\n    at async signup (file:///D:/acquisitions/acquisitions/src/controllers/auth.controller.js:21:18)","timestamp":"2026-07-29T10:59:58.459Z"}
{"level":"error","message":"Signup error User already exists","service":"acquisitions-api","stack":"Error: User already exists\n    at createUser (file:///D:/acquisitions/acquisitions/src/services/auth.service.js:24:48)\n    at process.processTicksAndRejections (node:internal/process/task_queues:104:5)\n    at async signup (file:///D:/acquisitions/acquisitions/src/controllers/auth.controller.js:21:18)","timestamp":"2026-07-29T10:59:58.460Z"}
{"level":"info","message":"::1 - - [29/Jul/2026:10:59:58 +0000] \"POST /api/auth/sign-up HTTP/1.1\" 500 467 \"-\" \"PostmanRuntime/7.54.0\"","service":"acquisitions-api","timestamp":"2026-07-29T10:59:58.463Z"}
{"level":"error","message":"Error creating user User already exists","service":"acquisitions-api","stack":"Error: User already exists\n    at createUser (file:///D:/acquisitions/acquisitions/src/services/auth.service.js:24:48)\n    at process.processTicksAndRejections (node:internal/process/task_queues:104:5)\n    at async signup (file:///D:/acquisitions/acquisitions/src/controllers/auth.controller.js:21:18)","timestamp":"2026-07-29T11:00:09.962Z"}
{"level":"error","message":"Signup error User already exists","service":"acquisitions-api","stack":"Error: User already exists\n    at createUser (file:///D:/acquisitions/acquisitions/src/services/auth.service.js:24:48)\n    at process.processTicksAndRejections (node:internal/process/task_queues:104:5)\n    at async signup (file:///D:/acquisitions/acquisitions/src/controllers/auth.controller.js:21:18)","timestamp":"2026-07-29T11:00:09.963Z"}
{"level":"info","message":"::1 - - [29/Jul/2026:11:00:09 +0000] \"POST /api/auth/sign-up HTTP/1.1\" 500 467 \"-\" \"PostmanRuntime/7.54.0\"","service":"acquisitions-api","timestamp":"2026-07-29T11:00:09.966Z"}
{"level":"error","message":"Error creating user User already exists","service":"acquisitions-api","stack":"Error: User already exists\n    at createUser (file:///D:/acquisitions/acquisitions/src/services/auth.service.js:24:48)\n    at process.processTicksAndRejections (node:internal/process/task_queues:104:5)\n    at async signup (file:///D:/acquisitions/acquisitions/src/controllers/auth.controller.js:21:18)","timestamp":"2026-07-29T11:00:16.368Z"}
{"level":"error","message":"Signup error User already exists","service":"acquisitions-api","stack":"Error: User already exists\n    at createUser (file:///D:/acquisitions/acquisitions/src/services/auth.service.js:24:48)\n    at process.processTicksAndRejections (node:internal/process/task_queues:104:5)\n    at async signup (file:///D:/acquisitions/acquisitions/src/controllers/auth.controller.js:21:18)","timestamp":"2026-07-29T11:00:16.371Z"}
{"level":"info","message":"::1 - - [29/Jul/2026:11:00:16 +0000] \"POST /api/auth/sign-up HTTP/1.1\" 500 467 \"-\" \"PostmanRuntime/7.54.0\"","service":"acquisitions-api","timestamp":"2026-07-29T11:00:16.375Z"}
{"ip":"::1","level":"warn","message":"Bot request blocked","path":"/","service":"acquisitions-api","timestamp":"2026-08-03T10:33:19.491Z","userAgent":"PostmanRuntime/7.54.0"}
{"level":"info","message":"::1 - - [03/Aug/2026:10:33:19 +0000] \"GET / HTTP/1.1\" 403 31 \"-\" \"PostmanRuntime/7.54.0\"","service":"acquisitions-api","timestamp":"2026-08-03T10:33:19.513Z"}
{"ip":"::1","level":"warn","message":"Bot request blocked","path":"/health","service":"acquisitions-api","timestamp":"2026-08-03T10:33:29.532Z","userAgent":"PostmanRuntime/7.54.0"}
{"level":"info","message":"::1 - - [03/Aug/2026:10:33:29 +0000] \"GET /health HTTP/1.1\" 403 31 \"-\" \"PostmanRuntime/7.54.0\"","service":"acquisitions-api","timestamp":"2026-08-03T10:33:29.534Z"}
{"ip":"::1","level":"warn","message":"Bot request blocked","path":"/health","service":"acquisitions-api","timestamp":"2026-08-03T10:34:47.686Z","userAgent":"PostmanRuntime/7.54.0"}
{"level":"info","message":"::1 - - [03/Aug/2026:10:34:47 +0000] \"GET /health HTTP/1.1\" 403 31 \"-\" \"PostmanRuntime/7.54.0\"","service":"acquisitions-api","timestamp":"2026-08-03T10:34:47.690Z"}
{"level":"info","message":"::1 - - [03/Aug/2026:10:52:23 +0000] \"GET /health HTTP/1.1\" 404 145 \"-\" \"PostmanRuntime/7.54.0\"","service":"acquisitions-api","timestamp":"2026-08-03T10:52:23.337Z"}
{"level":"info","message":"Hello from the acquisitions API!","service":"acquisitions-api","timestamp":"2026-08-03T10:52:42.952Z"}
{"level":"info","message":"::1 - - [03/Aug/2026:10:52:42 +0000] \"GET / HTTP/1.1\" 200 36 \"-\" \"PostmanRuntime/7.54.0\"","service":"acquisitions-api","timestamp":"2026-08-03T10:52:42.998Z"}
{"ip":"::1","level":"warn","message":"Bot request blocked","path":"/","service":"acquisitions-api","timestamp":"2026-08-03T10:53:08.076Z","userAgent":"PostmanRuntime/7.54.0"}
{"level":"info","message":"::1 - - [03/Aug/2026:10:53:08 +0000] \"GET / HTTP/1.1\" 403 31 \"-\" \"PostmanRuntime/7.54.0\"","service":"acquisitions-api","timestamp":"2026-08-03T10:53:08.091Z"}
{"level":"info","message":"Hello from the acquisitions API!","service":"acquisitions-api","timestamp":"2026-08-03T10:53:18.427Z"}
{"level":"info","message":"::1 - - [03/Aug/2026:10:53:18 +0000] \"GET / HTTP/1.1\" 200 36 \"-\" \"PostmanRuntime/7.54.0\"","service":"acquisitions-api","timestamp":"2026-08-03T10:53:18.436Z"}
{"level":"info","message":"Hello from the acquisitions API!","service":"acquisitions-api","timestamp":"2026-08-03T10:53:41.686Z"}
{"level":"info","message":"::1 - - [03/Aug/2026:10:53:41 +0000] \"GET / HTTP/1.1\" 200 36 \"-\" \"PostmanRuntime/7.54.0\"","service":"acquisitions-api","timestamp":"2026-08-03T10:53:41.691Z"}
{"level":"info","message":"Hello from the acquisitions API!","service":"acquisitions-api","timestamp":"2026-08-03T10:53:42.986Z"}
{"level":"info","message":"::1 - - [03/Aug/2026:10:53:42 +0000] \"GET / HTTP/1.1\" 200 36 \"-\" \"PostmanRuntime/7.54.0\"","service":"acquisitions-api","timestamp":"2026-08-03T10:53:42.988Z"}
{"level":"info","message":"Hello from the acquisitions API!","service":"acquisitions-api","timestamp":"2026-08-03T10:53:44.324Z"}
{"level":"info","message":"::1 - - [03/Aug/2026:10:53:44 +0000] \"GET / HTTP/1.1\" 200 36 \"-\" \"PostmanRuntime/7.54.0\"","service":"acquisitions-api","timestamp":"2026-08-03T10:53:44.325Z"}
{"ip":"::1","level":"warn","message":"Rate limit exceeded","path":"/","service":"acquisitions-api","timestamp":"2026-08-03T10:53:45.526Z","userAgent":"PostmanRuntime/7.54.0"}
{"level":"info","message":"::1 - - [03/Aug/2026:10:53:45 +0000] \"GET / HTTP/1.1\" 429 31 \"-\" \"PostmanRuntime/7.54.0\"","service":"acquisitions-api","timestamp":"2026-08-03T10:53:45.533Z"}
{"ip":"::1","level":"warn","message":"Rate limit exceeded","path":"/","service":"acquisitions-api","timestamp":"2026-08-03T10:53:49.849Z","userAgent":"PostmanRuntime/7.54.0"}
{"level":"info","message":"::1 - - [03/Aug/2026:10:53:49 +0000] \"GET / HTTP/1.1\" 429 31 \"-\" \"PostmanRuntime/7.54.0\"","service":"acquisitions-api","timestamp":"2026-08-03T10:53:49.851Z"}
